2026-04-07 12:55:05.701 +05:30 [INF] User profile is available. Using 'C:\Users\ENVY\AppData\Local\ASP.NET\DataProtection-Keys' as key repository and Windows DPAPI to encrypt keys at rest.
2026-04-07 12:55:06.035 +05:30 [INF] Now listening on: https://localhost:7110
2026-04-07 12:55:06.038 +05:30 [INF] Now listening on: http://localhost:5089
2026-04-07 12:55:06.208 +05:30 [INF] Application started. Press Ctrl+C to shut down.
2026-04-07 12:55:06.210 +05:30 [INF] Hosting environment: Development
2026-04-07 12:55:06.212 +05:30 [INF] Content root path: D:\dotNet\StaffTrack\APIGateway
2026-04-07 12:55:07.375 +05:30 [INF] Request starting HTTP/2 GET https://localhost:7110/swagger/index.html - null null
2026-04-07 12:55:09.811 +05:30 [INF] HTTP GET /swagger/index.html responded 200 in 2212.1282 ms
2026-04-07 12:55:09.823 +05:30 [INF] Request finished HTTP/2 GET https://localhost:7110/swagger/index.html - 200 null text/html;charset=utf-8 2451.5896ms
2026-04-07 12:55:11.744 +05:30 [INF] Request starting HTTP/2 GET https://localhost:7110/_framework/aspnetcore-browser-refresh.js - null null
2026-04-07 12:55:11.748 +05:30 [INF] Request starting HTTP/2 GET https://localhost:7110/_vs/browserLink - null null
2026-04-07 12:55:11.760 +05:30 [INF] Request finished HTTP/2 GET https://localhost:7110/_framework/aspnetcore-browser-refresh.js - 200 14933 application/javascript; charset=utf-8 17.6948ms
2026-04-07 12:55:11.839 +05:30 [INF] Request finished HTTP/2 GET https://localhost:7110/_vs/browserLink - 200 null text/javascript; charset=UTF-8 90.6509ms
2026-04-07 12:55:12.578 +05:30 [INF] Request starting HTTP/2 GET https://localhost:7110/swagger/docs/v1/auth - null null
2026-04-07 12:55:12.634 +05:30 [INF] Start processing HTTP request GET https://localhost:7270/swagger/v1/swagger.json
2026-04-07 12:55:12.642 +05:30 [INF] Sending HTTP request GET https://localhost:7270/swagger/v1/swagger.json
2026-04-07 12:55:12.719 +05:30 [INF] Received HTTP response headers after 71.6055ms - 200
2026-04-07 12:55:12.722 +05:30 [INF] End processing HTTP request after 95.2795ms - 200
2026-04-07 12:55:12.954 +05:30 [INF] HTTP GET /swagger/docs/v1/auth responded 200 in 373.3480 ms
2026-04-07 12:55:12.959 +05:30 [INF] Request finished HTTP/2 GET https://localhost:7110/swagger/docs/v1/auth - 200 null null 380.9855ms
2026-04-07 12:55:45.237 +05:30 [INF] Request starting HTTP/2 POST https://localhost:7110/gateway/auth/login - application/json 65
2026-04-07 12:55:45.252 +05:30 [INF] CORS policy execution successful.
2026-04-07 12:55:45.301 +05:30 [INF] RequestId: 0HNKKER5EAOA6:00000009, PreviousRequestId: -
Rate limiting is disabled for route '/gateway/auth/login' via the EnableRateLimiting option.
2026-04-07 12:55:45.306 +05:30 [INF] RequestId: 0HNKKER5EAOA6:00000009, PreviousRequestId: -
No authentication is required for the path '/gateway/auth/login' in the route /gateway/auth/login.
2026-04-07 12:55:47.466 +05:30 [INF] RequestId: 0HNKKER5EAOA6:00000009, PreviousRequestId: -
200 OK status code of request URI: https://localhost:7270/api/auth/login
2026-04-07 12:55:47.482 +05:30 [INF] HTTP POST /gateway/auth/login responded 200 in 2233.6079 ms
2026-04-07 12:55:47.484 +05:30 [INF] Request finished HTTP/2 POST https://localhost:7110/gateway/auth/login - 200 null application/json; charset=utf-8 2246.6828ms
2026-04-07 12:55:47.487 +05:30 [INF] Request reached the end of the middleware pipeline without being handled by application code. Request path: POST https://localhost:7110/gateway/auth/login, Response status code: 200
2026-04-07 12:56:13.153 +05:30 [INF] Request starting HTTP/2 GET https://localhost:7110/gateway/auth/me - null null
2026-04-07 12:56:13.279 +05:30 [INF] RequestId: 0HNKKER5EAOA6:0000000B, PreviousRequestId: -
Rate limiting is disabled for route '/gateway/auth/{everything}' via the EnableRateLimiting option.
2026-04-07 12:56:13.280 +05:30 [INF] RequestId: 0HNKKER5EAOA6:0000000B, PreviousRequestId: -
The path '/gateway/auth/me' is an authenticated route! AuthenticationMiddleware checking if client is authenticated...
2026-04-07 12:56:13.283 +05:30 [INF] RequestId: 0HNKKER5EAOA6:0000000B, PreviousRequestId: -
Client has been authenticated for path '/gateway/auth/me' by 'AuthenticationTypes.Federation' scheme.
2026-04-07 12:56:13.430 +05:30 [INF] RequestId: 0HNKKER5EAOA6:0000000B, PreviousRequestId: -
200 OK status code of request URI: https://localhost:7270/api/auth/me
2026-04-07 12:56:13.442 +05:30 [INF] HTTP GET /gateway/auth/me responded 200 in 278.9911 ms
2026-04-07 12:56:13.444 +05:30 [INF] Request finished HTTP/2 GET https://localhost:7110/gateway/auth/me - 200 null application/json; charset=utf-8 290.1003ms
2026-04-07 12:56:13.446 +05:30 [INF] Request reached the end of the middleware pipeline without being handled by application code. Request path: GET https://localhost:7110/gateway/auth/me, Response status code: 200
2026-04-07 12:56:30.319 +05:30 [INF] Request starting HTTP/2 GET https://localhost:7110/swagger/docs/v1/employee - null null
2026-04-07 12:56:30.324 +05:30 [INF] Start processing HTTP request GET https://localhost:7077/swagger/v1/swagger.json
2026-04-07 12:56:30.325 +05:30 [INF] Sending HTTP request GET https://localhost:7077/swagger/v1/swagger.json
2026-04-07 12:56:30.358 +05:30 [INF] Received HTTP response headers after 31.3438ms - 200
2026-04-07 12:56:30.359 +05:30 [INF] End processing HTTP request after 35.2412ms - 200
2026-04-07 12:56:30.432 +05:30 [INF] HTTP GET /swagger/docs/v1/employee responded 200 in 109.8777 ms
2026-04-07 12:56:30.436 +05:30 [INF] Request finished HTTP/2 GET https://localhost:7110/swagger/docs/v1/employee - 200 null null 116.3439ms
2026-04-07 12:56:41.281 +05:30 [INF] Request starting HTTP/2 GET https://localhost:7110/gateway/departments - null null
2026-04-07 12:56:41.287 +05:30 [INF] RequestId: 0HNKKER5EAOA6:0000000F, PreviousRequestId: -
Rate limiting is disabled for route '/gateway/departments/{everything}' via the EnableRateLimiting option.
2026-04-07 12:56:41.287 +05:30 [INF] RequestId: 0HNKKER5EAOA6:0000000F, PreviousRequestId: -
The path '/gateway/departments' is an authenticated route! AuthenticationMiddleware checking if client is authenticated...
2026-04-07 12:56:41.288 +05:30 [INF] RequestId: 0HNKKER5EAOA6:0000000F, PreviousRequestId: -
Client has been authenticated for path '/gateway/departments' by 'AuthenticationTypes.Federation' scheme.
2026-04-07 12:56:42.684 +05:30 [INF] RequestId: 0HNKKER5EAOA6:0000000F, PreviousRequestId: -
200 OK status code of request URI: https://localhost:7077/api/Departments
2026-04-07 12:56:42.688 +05:30 [INF] HTTP GET /gateway/departments responded 200 in 1404.8982 ms
2026-04-07 12:56:42.691 +05:30 [INF] Request finished HTTP/2 GET https://localhost:7110/gateway/departments - 200 null application/json; charset=utf-8 1409.9347ms
2026-04-07 12:56:42.693 +05:30 [INF] Request reached the end of the middleware pipeline without being handled by application code. Request path: GET https://localhost:7110/gateway/departments, Response status code: 200
2026-04-07 12:56:55.140 +05:30 [INF] Request starting HTTP/2 GET https://localhost:7110/gateway/departments/1 - null null
2026-04-07 12:56:55.146 +05:30 [INF] RequestId: 0HNKKER5EAOA6:00000011, PreviousRequestId: -
Rate limiting is disabled for route '/gateway/departments/{everything}' via the EnableRateLimiting option.
2026-04-07 12:56:55.147 +05:30 [INF] RequestId: 0HNKKER5EAOA6:00000011, PreviousRequestId: -
The path '/gateway/departments/1' is an authenticated route! AuthenticationMiddleware checking if client is authenticated...
2026-04-07 12:56:55.148 +05:30 [INF] RequestId: 0HNKKER5EAOA6:00000011, PreviousRequestId: -
Client has been authenticated for path '/gateway/departments/1' by 'AuthenticationTypes.Federation' scheme.
2026-04-07 12:56:55.347 +05:30 [INF] RequestId: 0HNKKER5EAOA6:00000011, PreviousRequestId: -
200 OK status code of request URI: https://localhost:7077/api/Departments/1
2026-04-07 12:56:55.350 +05:30 [INF] HTTP GET /gateway/departments/1 responded 200 in 207.3499 ms
2026-04-07 12:56:55.352 +05:30 [INF] Request finished HTTP/2 GET https://localhost:7110/gateway/departments/1 - 200 null application/json; charset=utf-8 212.1323ms
2026-04-07 12:56:55.355 +05:30 [INF] Request reached the end of the middleware pipeline without being handled by application code. Request path: GET https://localhost:7110/gateway/departments/1, Response status code: 200
2026-04-07 12:57:28.558 +05:30 [INF] Request starting HTTP/2 GET https://localhost:7110/gateway/employees?page=1&pageSize=20&departmentId=1&roleId=1&sortDescending=false - null null
2026-04-07 12:57:28.561 +05:30 [INF] RequestId: 0HNKKER5EAOA6:00000013, PreviousRequestId: -
Rate limiting is disabled for route '/gateway/employees/{everything}' via the EnableRateLimiting option.
2026-04-07 12:57:28.562 +05:30 [INF] RequestId: 0HNKKER5EAOA6:00000013, PreviousRequestId: -
The path '/gateway/employees' is an authenticated route! AuthenticationMiddleware checking if client is authenticated...
2026-04-07 12:57:28.563 +05:30 [INF] RequestId: 0HNKKER5EAOA6:00000013, PreviousRequestId: -
Client has been authenticated for path '/gateway/employees' by 'AuthenticationTypes.Federation' scheme.
2026-04-07 12:57:28.747 +05:30 [INF] RequestId: 0HNKKER5EAOA6:00000013, PreviousRequestId: -
200 OK status code of request URI: https://localhost:7077/api/Employees?page=1&pageSize=20&departmentId=1&roleId=1&sortDescending=false
2026-04-07 12:57:28.750 +05:30 [INF] HTTP GET /gateway/employees responded 200 in 189.2804 ms
2026-04-07 12:57:28.752 +05:30 [INF] Request finished HTTP/2 GET https://localhost:7110/gateway/employees?page=1&pageSize=20&departmentId=1&roleId=1&sortDescending=false - 200 null application/json; charset=utf-8 193.8946ms
2026-04-07 12:57:28.754 +05:30 [INF] Request reached the end of the middleware pipeline without being handled by application code. Request path: GET https://localhost:7110/gateway/employees, Response status code: 200
2026-04-07 12:57:42.755 +05:30 [INF] Request starting HTTP/2 GET https://localhost:7110/swagger/docs/v1/leave - null null
2026-04-07 12:57:42.760 +05:30 [INF] Start processing HTTP request GET https://localhost:7280/swagger/v1/swagger.json
2026-04-07 12:57:42.761 +05:30 [INF] Sending HTTP request GET https://localhost:7280/swagger/v1/swagger.json
2026-04-07 12:57:42.804 +05:30 [INF] Received HTTP response headers after 41.116ms - 200
2026-04-07 12:57:42.805 +05:30 [INF] End processing HTTP request after 45.3259ms - 200
2026-04-07 12:57:42.887 +05:30 [INF] HTTP GET /swagger/docs/v1/leave responded 200 in 127.9158 ms
2026-04-07 12:57:42.889 +05:30 [INF] Request finished HTTP/2 GET https://localhost:7110/swagger/docs/v1/leave - 200 null null 134.3282ms
2026-04-07 12:57:57.845 +05:30 [INF] Request starting HTTP/2 GET https://localhost:7110/gateway/leaves?page=1&pageSize=20&sortDescending=false - null null
2026-04-07 12:57:57.854 +05:30 [INF] RequestId: 0HNKKER5EAOA6:00000017, PreviousRequestId: -
Rate limiting is disabled for route '/gateway/leaves/{everything}' via the EnableRateLimiting option.
2026-04-07 12:57:57.856 +05:30 [INF] RequestId: 0HNKKER5EAOA6:00000017, PreviousRequestId: -
The path '/gateway/leaves' is an authenticated route! AuthenticationMiddleware checking if client is authenticated...
2026-04-07 12:57:57.857 +05:30 [INF] RequestId: 0HNKKER5EAOA6:00000017, PreviousRequestId: -
Client has been authenticated for path '/gateway/leaves' by 'AuthenticationTypes.Federation' scheme.
2026-04-07 12:57:59.391 +05:30 [INF] RequestId: 0HNKKER5EAOA6:00000017, PreviousRequestId: -
200 OK status code of request URI: https://localhost:7280/api/leaves?page=1&pageSize=20&sortDescending=false
2026-04-07 12:57:59.396 +05:30 [INF] HTTP GET /gateway/leaves responded 200 in 1542.5684 ms
2026-04-07 12:57:59.398 +05:30 [INF] Request finished HTTP/2 GET https://localhost:7110/gateway/leaves?page=1&pageSize=20&sortDescending=false - 200 null application/json; charset=utf-8 1553.0512ms
2026-04-07 12:57:59.403 +05:30 [INF] Request reached the end of the middleware pipeline without being handled by application code. Request path: GET https://localhost:7110/gateway/leaves, Response status code: 200
2026-04-07 12:58:09.530 +05:30 [INF] Request starting HTTP/2 GET https://localhost:7110/swagger/docs/v1/timesheet - null null
2026-04-07 12:58:09.533 +05:30 [INF] Start processing HTTP request GET https://localhost:7290/swagger/v1/swagger.json
2026-04-07 12:58:09.534 +05:30 [INF] Sending HTTP request GET https://localhost:7290/swagger/v1/swagger.json
2026-04-07 12:58:09.579 +05:30 [INF] Received HTTP response headers after 43.1359ms - 200
2026-04-07 12:58:09.580 +05:30 [INF] End processing HTTP request after 46.8287ms - 200
2026-04-07 12:58:09.647 +05:30 [INF] HTTP GET /swagger/docs/v1/timesheet responded 200 in 113.8118 ms
2026-04-07 12:58:09.650 +05:30 [INF] Request finished HTTP/2 GET https://localhost:7110/swagger/docs/v1/timesheet - 200 null null 119.9493ms
